

Mon Jan  4 20:05:17 2021
Command line: TestDisk

TestDisk 7.1, Data Recovery Utility, July 2019
Christophe GRENIER <grenier@cgsecurity.org>
https://www.cgsecurity.org
OS: Linux, kernel 5.10.2-2-MANJARO (#1 SMP PREEMPT Tue Dec 22 08:14:42 UTC 2020) x86_64
Compiler: GCC 10.1
ext2fs lib: 1.45.6, ntfs lib: libntfs-3g, reiserfs lib: 0.3.0.5, ewf lib: none, curses lib: ncurses 6.2
User is not root!
Hard disk list


TestDisk exited normally.
Using locale 'en_US.utf8'.


Mon Jan  4 20:05:21 2021
Command line: TestDisk /debug

TestDisk 7.1, Data Recovery Utility, July 2019
Christophe GRENIER <grenier@cgsecurity.org>
https://www.cgsecurity.org
OS: Linux, kernel 5.10.2-2-MANJARO (#1 SMP PREEMPT Tue Dec 22 08:14:42 UTC 2020) x86_64
Compiler: GCC 10.1
ext2fs lib: 1.45.6, ntfs lib: libntfs-3g, reiserfs lib: 0.3.0.5, ewf lib: none, curses lib: ncurses 6.2
/dev/sda: LBA, HPA, LBA48, DCO support
/dev/sda: size       488397168 sectors
/dev/sda: user_max   488397168 sectors
/dev/sda: native_max 488397168 sectors
/dev/sdb: LBA, HPA, LBA48, DCO support
/dev/sdb: size       312581808 sectors
/dev/sdb: user_max   312581808 sectors
/dev/sdb: native_max 312581808 sectors
Warning: can't get size for Disk /dev/mapper/control - 0 B - 0 sectors, sector size=512
Hard disk list
Disk /dev/sda - 250 GB / 232 GiB - CHS 30401 255 63, sector size=512 - Samsung SSD 860 EVO 250GB, S/N:S3YKNS0N622915F, FW:RVT04B6Q
Disk /dev/sdb - 160 GB / 149 GiB - CHS 19457 255 63, sector size=512 - SAMSUNG HD160HJ, S/N:S0D4JDQPA00955, FW:BF100-12

Partition table type (auto): Intel
Disk /dev/sda - 250 GB / 232 GiB - Samsung SSD 860 EVO 250GB
Partition table type: Intel
Partition table type (auto): Intel
Disk /dev/sda - 250 GB / 232 GiB - Samsung SSD 860 EVO 250GB
Partition table type: Intel

Interface Advanced
Geometry from i386 MBR: head=255 sector=63
 1 * Linux                    0  32 33 30400 254 63  488390017
     ext4 blocksize=4096 Large_file Sparse_SB Recover, 250 GB / 232 GiB
search_superblock

recover_EXT2: s_block_group_nr=0/1863, s_mnt_count=138/4294967295, s_blocks_per_group=32768, s_inodes_per_group=8192
recover_EXT2: s_blocksize=4096
recover_EXT2: s_blocks_count 61048752
recover_EXT2: part_size 488390016
Filesystem created: Fri Oct 23 19:01:34 2020
Last mount time:    Mon Jan  4 10:35:31 2021
Ext2 superblock found at sector 2 (block=0, blocksize=4096)

block_group_nr 1

recover_EXT2: "e2fsck -b 32768 -B 4096 device" may be needed
recover_EXT2: s_block_group_nr=1/1863, s_mnt_count=0/4294967295, s_blocks_per_group=32768, s_inodes_per_group=8192
recover_EXT2: s_blocksize=4096
recover_EXT2: s_blocks_count 61048752
recover_EXT2: part_size 488390016
Filesystem created: Fri Oct 23 19:01:34 2020
Ext2 superblock found at sector 262144 (block=32768, blocksize=4096)

block_group_nr 3

recover_EXT2: "e2fsck -b 98304 -B 4096 device" may be needed
recover_EXT2: s_block_group_nr=3/1863, s_mnt_count=0/4294967295, s_blocks_per_group=32768, s_inodes_per_group=8192
recover_EXT2: s_blocksize=4096
recover_EXT2: s_blocks_count 61048752
recover_EXT2: part_size 488390016
Filesystem created: Fri Oct 23 19:01:34 2020
Ext2 superblock found at sector 786432 (block=98304, blocksize=4096)

block_group_nr 5

recover_EXT2: "e2fsck -b 163840 -B 4096 device" may be needed
recover_EXT2: s_block_group_nr=5/1863, s_mnt_count=0/4294967295, s_blocks_per_group=32768, s_inodes_per_group=8192
recover_EXT2: s_blocksize=4096
recover_EXT2: s_blocks_count 61048752
recover_EXT2: part_size 488390016
Filesystem created: Fri Oct 23 19:01:34 2020
Ext2 superblock found at sector 1310720 (block=163840, blocksize=4096)

block_group_nr 7

recover_EXT2: "e2fsck -b 229376 -B 4096 device" may be needed
recover_EXT2: s_block_group_nr=7/1863, s_mnt_count=0/4294967295, s_blocks_per_group=32768, s_inodes_per_group=8192
recover_EXT2: s_blocksize=4096
recover_EXT2: s_blocks_count 61048752
recover_EXT2: part_size 488390016
Filesystem created: Fri Oct 23 19:01:34 2020
Ext2 superblock found at sector 1835008 (block=229376, blocksize=4096)

block_group_nr 9

recover_EXT2: "e2fsck -b 294912 -B 4096 device" may be needed
recover_EXT2: s_block_group_nr=9/1863, s_mnt_count=0/4294967295, s_blocks_per_group=32768, s_inodes_per_group=8192
recover_EXT2: s_blocksize=4096
recover_EXT2: s_blocks_count 61048752
recover_EXT2: part_size 488390016
Filesystem created: Fri Oct 23 19:01:34 2020
Ext2 superblock found at sector 2359296 (block=294912, blocksize=4096)

block_group_nr 25

recover_EXT2: "e2fsck -b 819200 -B 4096 device" may be needed
recover_EXT2: s_block_group_nr=25/1863, s_mnt_count=0/4294967295, s_blocks_per_group=32768, s_inodes_per_group=8192
recover_EXT2: s_blocksize=4096
recover_EXT2: s_blocks_count 61048752
recover_EXT2: part_size 488390016
Filesystem created: Fri Oct 23 19:01:34 2020
Ext2 superblock found at sector 6553600 (block=819200, blocksize=4096)

block_group_nr 27

recover_EXT2: "e2fsck -b 884736 -B 4096 device" may be needed
recover_EXT2: s_block_group_nr=27/1863, s_mnt_count=0/4294967295, s_blocks_per_group=32768, s_inodes_per_group=8192
recover_EXT2: s_blocksize=4096
recover_EXT2: s_blocks_count 61048752
recover_EXT2: part_size 488390016
Filesystem created: Fri Oct 23 19:01:34 2020
Ext2 superblock found at sector 7077888 (block=884736, blocksize=4096)

block_group_nr 49

recover_EXT2: "e2fsck -b 1605632 -B 4096 device" may be needed
recover_EXT2: s_block_group_nr=49/1863, s_mnt_count=0/4294967295, s_blocks_per_group=32768, s_inodes_per_group=8192
recover_EXT2: s_blocksize=4096
recover_EXT2: s_blocks_count 61048752
recover_EXT2: part_size 488390016
Filesystem created: Fri Oct 23 19:01:34 2020
Ext2 superblock found at sector 12845056 (block=1605632, blocksize=4096)

block_group_nr 81

recover_EXT2: "e2fsck -b 2654208 -B 4096 device" may be needed
recover_EXT2: s_block_group_nr=81/1863, s_mnt_count=0/4294967295, s_blocks_per_group=32768, s_inodes_per_group=8192
recover_EXT2: s_blocksize=4096
recover_EXT2: s_blocks_count 61048752
recover_EXT2: part_size 488390016
Filesystem created: Fri Oct 23 19:01:34 2020
Ext2 superblock found at sector 21233664 (block=2654208, blocksize=4096)
  Linux                    0  32 33 30400 254 62  488390016
superblock 0, blocksize=4096 []
superblock 32768, blocksize=4096 []
superblock 98304, blocksize=4096 []
superblock 163840, blocksize=4096 []
superblock 229376, blocksize=4096 []
superblock 294912, blocksize=4096 []
superblock 819200, blocksize=4096 []
superblock 884736, blocksize=4096 []
superblock 1605632, blocksize=4096 []
superblock 2654208, blocksize=4096 []

To repair the filesystem using alternate superblock, run
fsck.ext4 -p -b superblock -B blocksize device

Interface Advanced
Geometry from i386 MBR: head=255 sector=63
 1 * Linux                    0  32 33 30400 254 63  488390017
     ext4 blocksize=4096 Large_file Sparse_SB Recover, 250 GB / 232 GiB

Interface Advanced
Geometry from i386 MBR: head=255 sector=63
 1 * Linux                    0  32 33 30400 254 63  488390017
     ext4 blocksize=4096 Large_file Sparse_SB Recover, 250 GB / 232 GiB

Interface Advanced
Geometry from i386 MBR: head=255 sector=63
 1 * Linux                    0  32 33 30400 254 63  488390017
     ext4 blocksize=4096 Large_file Sparse_SB Recover, 250 GB / 232 GiB


dir_partition inode=2
 1 * Linux                    0  32 33 30400 254 63  488390017
     ext4 blocksize=4096 Large_file Sparse_SB Recover, 250 GB / 232 GiB
Directory /
       2 drwxr-xr-x     0      0      4096  9-Nov-2020 00:12 .
       2 drwxr-xr-x     0      0      4096  9-Nov-2020 00:12 ..
      11 drwx------     0      0     16384 23-Oct-2020 19:01 lost+found
 1703937 drwxr-xr-x     0      0      4096 31-Dec-2020 19:42 dev
 14811137 drwxr-xr-x     0      0      4096 23-Oct-2020 19:01 proc
  917505 drwxr-xr-x     0      0      4096 23-Oct-2020 19:01 run
 6553601 drwxr-xr-x     0      0      4096 23-Oct-2020 19:01 sys
      12 lrwxrwxrwx     0      0         7  3-Sep-2020 01:30 bin
      13 lrwxrwxrwx     0      0         7  3-Sep-2020 01:30 lib
      14 lrwxrwxrwx     0      0         7  3-Sep-2020 01:30 lib64
      15 lrwxrwxrwx     0      0         7  3-Sep-2020 01:30 sbin
 6422529 drwxr-xr-x     0      0      4096  1-Jan-2021 01:18 boot
 13631489 drwxr-xr-x     0      0     12288  4-Jan-2021 10:35 etc
 15073281 drwxr-xr-x     0      0      4096 23-Oct-2020 19:04 home
 13762561 drwxr-xr-x     0      0      4096 21-May-2020 10:30 mnt
 8388609 drwxr-xr-x     0      0      4096 27-Dec-2020 21:54 opt
 1835009 drwxr-x---     0      0      4096 10-Dec-2020 18:03 root
 13369345 drwxr-xr-x     0      0      4096 11-Sep-2020 20:10 srv
 4325377 drwxrwxrwt     0      0      4096  4-Jan-2021 10:35 tmp
 11010049 drwxr-xr-x     0      0      4096  1-Jan-2021 01:20 usr
 2621441 drwxr-xr-x     0      0      4096  1-Jan-2021 01:24 var
X     18 drwxr-xr-x  1000   1000      4096  2-Jan-2021 15:33 snap
 5636097 drwxr-xr-x     0      0      4096  4-Jan-2021 10:00 timeshift
      19 -rw-r--r--     0      0         7 11-Sep-2020 20:13 .manjaro-tools
      17 -rw-r--r--     0      0      5097 11-Sep-2020 20:11 rootfs-pkgs.txt
X   5759 -rw-r--r--     0      0         0  1-Jan-2021 01:13 core5.4.86.tar.xz
      16 -rw-r--r--     0      0     21139 11-Sep-2020 20:13 desktopfs-pkgs.txt
X4194305 drwxrwxr-x     0      0         0  1-Jan-2021 01:13 linux-5.4.86
X   5760 -rw-r--r--     0      0         0  1-Jan-2021 01:13 someCernel

dir_partition inode=15073281
 1 * Linux                    0  32 33 30400 254 63  488390017
     ext4 blocksize=4096 Large_file Sparse_SB Recover, 250 GB / 232 GiB
Directory /home
 15073281 drwxr-xr-x     0      0      4096 23-Oct-2020 19:04 .
       2 drwxr-xr-x     0      0      4096  9-Nov-2020 00:12 ..
 15073282 drwx------  1000   1000      4096  4-Jan-2021 17:46 ddystopia

dir_partition inode=15073282
 1 * Linux                    0  32 33 30400 254 63  488390017
     ext4 blocksize=4096 Large_file Sparse_SB Recover, 250 GB / 232 GiB
Directory /home/ddystopia
 15073282 drwx------  1000   1000      4096  4-Jan-2021 17:46 .
 15073281 drwxr-xr-x     0      0      4096 23-Oct-2020 19:04 ..
 15076658 lrwxrwxrwx  1000   1000        48  1-Dec-2020 22:01 .profile
 15073284 -rwxr-xr-x  1000   1000       100 30-Oct-2017 01:49 .Xclients
 15073285 -rw-r--r--  1000   1000        21 10-Jul-2020 19:57 .bash_logout
 15073286 -rw-r--r--  1000   1000      3838 10-Jul-2020 19:57 .bashrc
 15073287 drwxr-xr-x  1000   1000      4096  1-Jan-2021 00:53 .config
 15073339 -rw-r--r--  1000   1000        57 10-Jul-2020 19:57 .bash_profile
 15099338 lrwxrwxrwx  1000   1000        48  1-Dec-2020 22:01 .xinitrc
 15073341 -rw-r--r--  1000   1000      4855 30-Oct-2017 01:49 .dir_colors
 15073342 drwxr-xr-x  1000   1000      4096  2-Nov-2020 17:52 Desktop
 15084465 -rw-r--r--  1000   1000        44  5-Nov-2020 21:24 .dmrc
 15073344 drwxr-xr-x  1000   1000      4096  4-Jan-2021 11:07 Downloads
 15073345 drwxr-xr-x  1000   1000      4096 26-Oct-2020 18:09 Templates
 15073346 drwxr-xr-x  1000   1000      4096 26-Oct-2020 18:09 Public
 15073347 drwxr-xr-x  1000   1000      4096 25-Nov-2020 20:01 Documents
 15073348 drwxr-xr-x  1000   1000      4096 29-Oct-2020 17:58 Music
 15073349 drwxr-xr-x  1000   1000      4096  2-Jan-2021 21:24 Pictures
  133264 drwxr-xr-x  1000   1000      4096 16-Nov-2020 12:54 Videos
 15073353 -rw-------  1000   1000       225  4-Jan-2021 10:36 .Xauthority
 15073343 -rw-------  1000   1000     98650  4-Jan-2021 20:07 .xsession-errors
 15073355 drwxr-xr-x  1000   1000      4096  1-Jan-2021 13:46 .cache
 15073356 drwxr-xr-x  1000   1000      4096 29-Oct-2020 17:09 .local
 15073358 -rw-------  1000   1000         0 26-Oct-2020 18:09 .ICEauthority
 15073359 drwx------  1000   1000      4096 26-Oct-2020 18:09 .gnupg
 15073405 drwx------  1000   1000      4096 26-Oct-2020 18:12 .mozilla
  133872 drwxr-xr-x  1000   1000      4096 29-Dec-2020 14:18 bin
 15076161 drwx------  1000   1000      4096 26-Oct-2020 18:33 .pipewire-media-session
 15076501 -rw-------  1000   1000      2461 12-Nov-2020 20:01 .bash_history
  264893 drwxr-xr-x  1000   1000      4096 21-Dec-2020 21:22 .npm
  267817 drwxr-xr-x  1000   1000      4096 21-Dec-2020 20:46 .vim
 15076657 lrwxrwxrwx  1000   1000        50  1-Dec-2020 22:01 .oh-my-zsh
 15076648 lrwxrwxrwx  1000   1000        46  1-Dec-2020 22:01 .zshrc
 15077511 -rw-r--r--  1000   1000       108 26-Oct-2020 19:27 .zshrc.pre-oh-my-zsh
 15078492 -rw-r--r--  1000   1000        10 26-Oct-2020 19:31 .shell.pre-oh-my-zsh
 15079194 -rw-------  1000   1000        12 26-Oct-2020 21:27 .python_history
 15089598 -rw-------  1000   1000    215094  4-Jan-2021 16:41 .zsh_history
 2097914 drwxr-xr-x  1000   1000      4096  4-Jan-2021 19:51 Code
 15078512 -rw-r--r--  1000   1000     43473 31-Oct-2020 20:04 .zcompdump-ddystopia-computer-5.8
 15079559 drwxr-xr-x  1000   1000      4096 14-Dec-2020 17:36 Books
 15073315 -rw-------  1000   1000     10891  4-Jan-2021 10:34 .xsession-errors.old
 15081435 -rw-r--r--  1000   1000     82761 27-Oct-2020 09:25 .p10k.zsh
 15080467 -rw-r--r--  1000   1000       180 27-Oct-2020 10:13 .wget-hsts
     228 drwxr-xr-x  1000   1000      4096 16-Dec-2020 20:13 googletest
 15075005 drwx------  1000   1000      4096 27-Oct-2020 12:22 .pki
 15082362 -rw-r--r--  1000   1000       116  1-Jan-2021 13:45 .yarnrc
X1183273 -rw-r--r--  1000   1000      4794  1-Jan-2021 00:39 unip
 15074864 -rw-------  1000   1000     40038  4-Jan-2021 18:01 .node_repl_history
  133269 drwxr-xr-x  1000   1000      4096  2-Nov-2020 17:42 .steam
 15093987 -rw-------  1000   1000       137  8-Nov-2020 21:17 .lesshst
 15092192 lrwxrwxrwx  1000   1000        34  2-Nov-2020 17:42 .steampath
 15092195 lrwxrwxrwx  1000   1000        32  2-Nov-2020 17:42 .steampid
  794183 drwxr-xr-x  1000   1000      4096 21-Dec-2020 20:25 .mono
  133451 drwxr-xr-x  1000   1000      4096  4-Nov-2020 23:56 VirtualBox VMs
 15094151 -rwxr-xr--  1000   1000      1831  9-Nov-2020 00:25 .fehbg
 15094391 -rw-r--r--  1000   1000        56  9-Nov-2020 17:14 .gitconfig
  133500 drwx------  1000   1000      4096 11-Nov-2020 13:30 .zoom
 15093181 -rw-r--r--  1000   1000     43491  7-Nov-2020 00:11 .zcompdump-ddystopia-5.8
  134579 drwxr-xr-x  1000   1000      4096 12-Nov-2020 19:27 .config_beckup
 15097103 -rw-r--r--  1000   1000     43539 21-Dec-2020 12:10 .zcompdump-ddpc-5.8
 15094524 -rw-r--r--  1000   1000     43491  9-Nov-2020 00:26 .zcompdump-MiWiFi-R3L-srv-5.8
 15112996 -rw-r--r--  1000   1000     56037 17-Dec-2020 21:54 testdisk.log
 15090111 -rw-r--r--  1000   1000     69719 20-Dec-2020 20:34 mpv-shot0001.jpg
 15113596 -rw-r--r--  1000   1000    413420  4-Jan-2021 17:29 .vimspector.log
  794197 drwxr-xr-x  1000   1000      4096 21-Dec-2020 21:07 node_modules
    5238 drwxr-xr-x  1000   1000      4096  1-Jan-2021 13:46 .yarn
 15083655 -rw-r--r--  1000   1000       321 21-Dec-2020 21:07 package-lock.json
X15089717 -rw-------  1000   1000     24352  4-Jan-2021 18:33 .zsh_history.LOCK
X15089598 -rw-------  1000   1000    215094  4-Jan-2021 16:41 .zsh_history.new
X15100194 -rw-------  1000   1000         0  1-Jan-2021 17:45 1. Задачи, приводящие к понятию производной-CQpX5f7iIvM.f248.webm.part-Frag9.part
X15100194 -rw-------  1000   1000         0  1-Jan-2021 17:45 1. Задачи, приводящие к понятию производной-CQpX5f7iIvM.f248.webm.part-Frag9

dir_partition inode=2097914
 1 * Linux                    0  32 33 30400 254 63  488390017
     ext4 blocksize=4096 Large_file Sparse_SB Recover, 250 GB / 232 GiB
Directory /home/ddystopia/Code
 2097914 drwxr-xr-x  1000   1000      4096  4-Jan-2021 19:51 .
 15073282 drwx------  1000   1000      4096  4-Jan-2021 17:46 ..
 2097970 drwxr-xr-x  1000   1000      4096 26-Oct-2020 21:49 ddystopia-bot
 2105080 drwxr-xr-x  1000   1000      4096  1-Jan-2021 13:45 reactSocialNetwork
 2105117 drwxr-xr-x  1000   1000      4096 26-Oct-2020 21:49 helloWorldAsm
 2234416 drwxr-xr-x  1000   1000      4096 30-Oct-2020 18:02 cppLearning
 2887181 drwxr-xr-x  1000   1000      4096 26-Oct-2020 21:49 product-ddystopia-bot
 2888092 drwxr-xr-x  1000   1000      4096 26-Oct-2020 21:49 ytdp
 2236415 drwxr-xr-x  1000   1000      4096  4-Jan-2021 20:05 MathParser
 2105122 drwxr-xr-x  1000   1000      4096 26-Oct-2020 21:50 grid
 4073488 drwxr-xr-x  1000   1000      4096  4-Jan-2021 19:51 LL1Parcer

dir_partition inode=2236415
 1 * Linux                    0  32 33 30400 254 63  488390017
     ext4 blocksize=4096 Large_file Sparse_SB Recover, 250 GB / 232 GiB
Directory /home/ddystopia/Code/MathParser
 2236415 drwxr-xr-x  1000   1000      4096  4-Jan-2021 20:05 .
 2097914 drwxr-xr-x  1000   1000      4096  4-Jan-2021 19:51 ..
 2376885 drwxr-xr-x  1000   1000      4096  4-Jan-2021 20:01 .git
 2236417 -rw-r--r--  1000   1000        45 19-Dec-2020 17:00 .gitignore
 2247408 -rwxr-xr-x  1000   1000       152  4-Jan-2021 19:52 build.sh
 2247877 -rw-r--r--  1000   1000       162  4-Jan-2021 19:52 README.md
 2247878 -rw-r--r--  1000   1000      1228  4-Jan-2021 19:52 some.c
 4073489 drwxr-xr-x  1000   1000      4096  4-Jan-2021 19:52 build
 4073547 drwxr-xr-x  1000   1000      4096  4-Jan-2021 19:52 headers
 4073553 drwxr-xr-x  1000   1000      4096  4-Jan-2021 19:52 src
 4073561 drwxr-xr-x  1000   1000      4096  4-Jan-2021 19:52 tests
 2230576 -rw-r--r--  1000   1000       419  4-Jan-2021 16:05 .vimspector.json
 2247876 -rw-r--r--  1000   1000      6630  4-Jan-2021 20:06 testdisk.log

dir_partition inode=4073553
 1 * Linux                    0  32 33 30400 254 63  488390017
     ext4 blocksize=4096 Large_file Sparse_SB Recover, 250 GB / 232 GiB
Directory /home/ddystopia/Code/MathParser/src
 4073553 drwxr-xr-x  1000   1000      4096  4-Jan-2021 19:52 .
 2236415 drwxr-xr-x  1000   1000      4096  4-Jan-2021 20:05 ..
 4073554 -rw-r--r--  1000   1000      1210  4-Jan-2021 20:01 Evaluator.cpp
 4073555 -rw-r--r--  1000   1000       310  4-Jan-2021 19:52 Node.cpp
 4073556 -rw-r--r--  1000   1000      2525  4-Jan-2021 19:59 Grammar.cpp
 4073557 -rw-r--r--  1000   1000      1763  4-Jan-2021 19:52 Lexer.cpp
 4073558 -rw-r--r--  1000   1000      3141  4-Jan-2021 19:59 Parser.cpp
 4073559 -rw-r--r--  1000   1000      1937  4-Jan-2021 20:00 Token.cpp
 4073560 -rw-r--r--  1000   1000       659  4-Jan-2021 19:52 main.cpp
SIGHUP detected! TestDisk has been killed.
